// Vitest Snapshot v1, https://vitest.dev/guide/snapshot.html

exports[`Inputs --- Snapshot Test > Capturing Snapshot of Inputs 1`] = `
<body
  id="app"
>
  <div>
    <div
      aria-label="Parameters"
      class="_container_a9aeba"
      role="region"
    >
      <div
        class="_tableContainer_9d297e"
      >
        <div
          class="cds--data-table-container"
        >
          <section
            aria-label="Parameters toolbar"
            class="cds--table-toolbar"
          >
            <div
              class="cds--toolbar-content"
            >
              <div
                aria-label="Search parameters"
                class="cds--search cds--search--lg cds--toolbar-search-container-persistent"
                role="search"
              >
                <div
                  class="cds--search-magnifier"
                  tabindex="-1"
                >
                  <svg
                    aria-hidden="true"
                    class="cds--search-magnifier-icon"
                    fill="currentColor"
                    focusable="false"
                    height="16"
                    preserveAspectRatio="xMidYMid meet"
                    viewBox="0 0 16 16"
                    width="16"
                    xmlns="http://www.w3.org/2000/svg"
                  >
                    <path
                      d="M15,14.3L10.7,10c1.9-2.3,1.6-5.8-0.7-7.7S4.2,0.7,2.3,3S0.7,8.8,3,10.7c2,1.7,5,1.7,7,0l4.3,4.3L15,14.3z M2,6.5 C2,4,4,2,6.5,2S11,4,11,6.5S9,11,6.5,11S2,9,2,6.5z"
                    />
                  </svg>
                </div>
                <label
                  class="cds--label"
                  for="table-toolbar-search-[generated-id]"
                  id="table-toolbar-search-[generated-id]-search"
                >
                  Filter table
                </label>
                <input
                  autocomplete="off"
                  class="cds--search-input"
                  id="table-toolbar-search-[generated-id]"
                  placeholder="Search parameters"
                  role="searchbox"
                  tabindex="0"
                  type="text"
                  value=""
                />
                <button
                  aria-label="Clear search input"
                  class="cds--search-close cds--search-close--hidden"
                  title="Clear search input"
                  type="button"
                >
                  <svg
                    aria-hidden="true"
                    fill="currentColor"
                    focusable="false"
                    height="16"
                    preserveAspectRatio="xMidYMid meet"
                    viewBox="0 0 32 32"
                    width="16"
                    xmlns="http://www.w3.org/2000/svg"
                  >
                    <path
                      d="M17.4141 16 24 9.4141 22.5859 8 16 14.5859 9.4143 8 8 9.4141 14.5859 16 8 22.5859 9.4143 24 16 17.4141 22.5859 24 24 22.5859 17.4141 16z"
                    />
                  </svg>
                </button>
              </div>
              <button
                class="cds--btn cds--btn--primary"
                data-testid="create-parameter-button"
                type="button"
              >
                Add parameter
                <svg
                  aria-hidden="true"
                  class="cds--btn__icon"
                  fill="currentColor"
                  focusable="false"
                  height="16"
                  preserveAspectRatio="xMidYMid meet"
                  viewBox="0 0 32 32"
                  width="16"
                  xmlns="http://www.w3.org/2000/svg"
                >
                  <path
                    d="M17 15 17 8 15 8 15 15 8 15 8 17 15 17 15 24 17 24 17 17 24 17 24 15z"
                  />
                </svg>
              </button>
            </div>
          </section>
          <div
            class="cds--data-table-content"
          >
            <table
              class="cds--data-table _table_9d297e cds--data-table--lg cds--data-table--sort"
            >
              <thead>
                <tr>
                  <th
                    aria-sort="none"
                    class="_name_9d297e cds--table-sort__header"
                    scope="col"
                  >
                    <div
                      class="cds--table-sort__description"
                      id="table-sort-[generated-id]"
                    >
                      Click to sort rows by Name header in ascending order
                    </div>
                    <button
                      aria-describedby="table-sort-[generated-id]"
                      class="_name_9d297e cds--table-sort"
                      type="button"
                    >
                      <span
                        class="cds--table-sort__flex"
                      >
                        <div
                          class="cds--table-header-label"
                        >
                          Name
                        </div>
                        <svg
                          aria-hidden="true"
                          class="cds--table-sort__icon"
                          fill="currentColor"
                          focusable="false"
                          height="20"
                          preserveAspectRatio="xMidYMid meet"
                          viewBox="0 0 32 32"
                          width="20"
                          xmlns="http://www.w3.org/2000/svg"
                        >
                          <path
                            d="M16 4 6 14 7.41 15.41 15 7.83 15 28 17 28 17 7.83 24.59 15.41 26 14 16 4z"
                          />
                        </svg>
                        <svg
                          aria-hidden="true"
                          class="cds--table-sort__icon-unsorted"
                          fill="currentColor"
                          focusable="false"
                          height="20"
                          preserveAspectRatio="xMidYMid meet"
                          viewBox="0 0 32 32"
                          width="20"
                          xmlns="http://www.w3.org/2000/svg"
                        >
                          <path
                            d="M27.6 20.6 24 24.2 24 4 22 4 22 24.2 18.4 20.6 17 22 23 28 29 22z"
                          />
                          <path
                            d="M9 4 3 10 4.4 11.4 8 7.8 8 28 10 28 10 7.8 13.6 11.4 15 10z"
                          />
                        </svg>
                        <div
                          class="cds--table-header-label--decorator-inner"
                        />
                      </span>
                    </button>
                  </th>
                  <th
                    aria-sort="none"
                    class="_label_9d297e cds--table-sort__header"
                    scope="col"
                  >
                    <div
                      class="cds--table-sort__description"
                      id="table-sort-[generated-id]"
                    >
                      Click to sort rows by Label header in ascending order
                    </div>
                    <button
                      aria-describedby="table-sort-[generated-id]"
                      class="_label_9d297e cds--table-sort"
                      type="button"
                    >
                      <span
                        class="cds--table-sort__flex"
                      >
                        <div
                          class="cds--table-header-label"
                        >
                          Label
                        </div>
                        <svg
                          aria-hidden="true"
                          class="cds--table-sort__icon"
                          fill="currentColor"
                          focusable="false"
                          height="20"
                          preserveAspectRatio="xMidYMid meet"
                          viewBox="0 0 32 32"
                          width="20"
                          xmlns="http://www.w3.org/2000/svg"
                        >
                          <path
                            d="M16 4 6 14 7.41 15.41 15 7.83 15 28 17 28 17 7.83 24.59 15.41 26 14 16 4z"
                          />
                        </svg>
                        <svg
                          aria-hidden="true"
                          class="cds--table-sort__icon-unsorted"
                          fill="currentColor"
                          focusable="false"
                          height="20"
                          preserveAspectRatio="xMidYMid meet"
                          viewBox="0 0 32 32"
                          width="20"
                          xmlns="http://www.w3.org/2000/svg"
                        >
                          <path
                            d="M27.6 20.6 24 24.2 24 4 22 4 22 24.2 18.4 20.6 17 22 23 28 29 22z"
                          />
                          <path
                            d="M9 4 3 10 4.4 11.4 8 7.8 8 28 10 28 10 7.8 13.6 11.4 15 10z"
                          />
                        </svg>
                        <div
                          class="cds--table-header-label--decorator-inner"
                        />
                      </span>
                    </button>
                  </th>
                  <th
                    aria-sort="none"
                    class="_type_9d297e cds--table-sort__header"
                    scope="col"
                  >
                    <div
                      class="cds--table-sort__description"
                      id="table-sort-[generated-id]"
                    >
                      Click to sort rows by Type header in ascending order
                    </div>
                    <button
                      aria-describedby="table-sort-[generated-id]"
                      class="_type_9d297e cds--table-sort"
                      type="button"
                    >
                      <span
                        class="cds--table-sort__flex"
                      >
                        <div
                          class="cds--table-header-label"
                        >
                          Type
                        </div>
                        <svg
                          aria-hidden="true"
                          class="cds--table-sort__icon"
                          fill="currentColor"
                          focusable="false"
                          height="20"
                          preserveAspectRatio="xMidYMid meet"
                          viewBox="0 0 32 32"
                          width="20"
                          xmlns="http://www.w3.org/2000/svg"
                        >
                          <path
                            d="M16 4 6 14 7.41 15.41 15 7.83 15 28 17 28 17 7.83 24.59 15.41 26 14 16 4z"
                          />
                        </svg>
                        <svg
                          aria-hidden="true"
                          class="cds--table-sort__icon-unsorted"
                          fill="currentColor"
                          focusable="false"
                          height="20"
                          preserveAspectRatio="xMidYMid meet"
                          viewBox="0 0 32 32"
                          width="20"
                          xmlns="http://www.w3.org/2000/svg"
                        >
                          <path
                            d="M27.6 20.6 24 24.2 24 4 22 4 22 24.2 18.4 20.6 17 22 23 28 29 22z"
                          />
                          <path
                            d="M9 4 3 10 4.4 11.4 8 7.8 8 28 10 28 10 7.8 13.6 11.4 15 10z"
                          />
                        </svg>
                        <div
                          class="cds--table-header-label--decorator-inner"
                        />
                      </span>
                    </button>
                  </th>
                  <th
                    class="_default_9d297e"
                    scope="col"
                  >
                    <div
                      class="cds--table-header-label"
                    >
                      Default value
                      <div
                        class="cds--table-header-label--decorator-inner"
                      />
                    </div>
                  </th>
                  <th
                    class="_tag_9d297e"
                    scope="col"
                  />
                  <th
                    class="_description_9d297e"
                    scope="col"
                  >
                    <div
                      class="cds--table-header-label"
                    >
                      Description
                      <div
                        class="cds--table-header-label--decorator-inner"
                      />
                    </div>
                  </th>
                  <th
                    class="_actions_9d297e"
                    scope="col"
                  />
                </tr>
              </thead>
              <tbody
                aria-live="polite"
              >
                <tr>
                  <td
                    class="_name_9d297e"
                  >
                    <span
                      class="_name_9d297e"
                    >
                      tim-parameter
                    </span>
                  </td>
                  <td
                    class="_label_9d297e"
                  >
                    <span
                      class="_text_9d297e"
                    >
                      Tim parameter
                    </span>
                  </td>
                  <td
                    class="_type_9d297e"
                  >
                    Select
                  </td>
                  <td
                    class="_default_9d297e"
                  >
                    <span
                      class="_value_9d297e"
                    >
                      pandas
                    </span>
                  </td>
                  <td
                    class="_tag_9d297e"
                  >
                    <div
                      class="cds--tag cds--tag--sm cds--layout--size-sm cds--tag--blue"
                      id="tag-id-[generated-id]"
                    >
                      <span
                        class="cds--tag__label"
                        dir="auto"
                        title="Required"
                      >
                        Required
                      </span>
                    </div>
                  </td>
                  <td
                    class="_description_9d297e"
                  >
                    <span
                      class="_text_9d297e"
                    >
                      Tim parameter
                    </span>
                  </td>
                  <td
                    class="_actions_9d297e"
                  >
                    <span
                      class="cds--overflow-menu__wrapper"
                    >
                      <span
                        class="cds--popover-container cds--popover--caret cds--popover--high-contrast cds--popover--left cds--tooltip cds--icon-tooltip"
                      >
                        <div
                          class="cds--tooltip-trigger__wrapper"
                        >
                          <button
                            aria-expanded="false"
                            aria-haspopup="true"
                            aria-labelledby="tooltip-[generated-id]"
                            class="cds--btn--icon-only cds--overflow-menu cds--overflow-menu--md cds--btn cds--btn--md cds--layout--size-md cds--btn--ghost"
                            data-testid="parameter-menu-button"
                            type="button"
                          >
                            <svg
                              aria-label="Parameter actions"
                              class="cds--overflow-menu__icon"
                              fill="currentColor"
                              focusable="false"
                              height="16"
                              preserveAspectRatio="xMidYMid meet"
                              role="img"
                              viewBox="0 0 32 32"
                              width="16"
                              xmlns="http://www.w3.org/2000/svg"
                            >
                              <circle
                                cx="16"
                                cy="8"
                                r="2"
                              />
                              <circle
                                cx="16"
                                cy="16"
                                r="2"
                              />
                              <circle
                                cx="16"
                                cy="24"
                                r="2"
                              />
                            </svg>
                          </button>
                        </div>
                        <span
                          aria-hidden="true"
                          class="cds--popover"
                          id="tooltip-[generated-id]"
                          role="tooltip"
                        >
                          <span
                            class="cds--popover-content cds--tooltip-content"
                          >
                            Parameter actions
                          </span>
                          <span
                            class="cds--popover-caret"
                          />
                        </span>
                      </span>
                    </span>
                  </td>
                </tr>
              </tbody>
            </table>
          </div>
        </div>
      </div>
    </div>
  </div>
  <div
    class="cds--bmrg-modal-portal"
  />
  <div
    class="cds--bmrg-modal-portal"
  />
</body>
`;
