// Vitest Snapshot v1, https://vitest.dev/guide/snapshot.html

exports[`EditTaskTemplateForm --- Snapshot > Capturing Snapshot of Task Templates 1`] = `
<body
  id="app"
>
  <div>
    <form
      class="cds--bmrg-modal-form"
    >
      <div
        aria-label="inputs"
        class="cds--layer-two cds--modal-content"
      >
        <div
          class="cds--bmrg-text-input"
        >
          <div
            class="cds--form-item cds--text-input-wrapper cds--text-input-wrapper--readonly"
          >
            <div
              class="cds--text-input__label-wrapper"
            >
              <label
                class="cds--label"
                dir="auto"
                for="name"
              >
                <div
                  class="cds--bmrg-text-input__label"
                >
                  <div>
                    Name
                  </div>
                </div>
              </label>
            </div>
            <div
              class="cds--text-input__field-outer-wrapper"
            >
              <div
                class="cds--text-input__field-wrapper"
              >
                <input
                  aria-describedby="name-helper-text"
                  class="cds--text-input"
                  id="name"
                  placeholder="Enter a name"
                  readonly=""
                  title="Enter a name"
                  type="text"
                  value="Test name"
                />
                <span
                  aria-atomic="true"
                  aria-live="assertive"
                  class="cds--text-input__counter-alert"
                  role="alert"
                />
              </div>
              <div
                class="cds--form__helper-text"
                dir="auto"
                id="name-helper-text"
              >
                Names cannot be changed after creation
              </div>
            </div>
          </div>
        </div>
        <div
          class="cds--bmrg-text-input"
        >
          <div
            class="cds--form-item cds--text-input-wrapper"
          >
            <div
              class="cds--text-input__label-wrapper"
            >
              <label
                class="cds--label"
                dir="auto"
                for="displayName"
              >
                <div
                  class="cds--bmrg-text-input__label"
                >
                  <div>
                    Display Name
                  </div>
                </div>
              </label>
            </div>
            <div
              class="cds--text-input__field-outer-wrapper"
            >
              <div
                class="cds--text-input__field-wrapper"
              >
                <input
                  class="cds--text-input"
                  id="displayName"
                  placeholder="Enter a name"
                  title="Enter a name"
                  type="text"
                  value=""
                />
                <span
                  aria-atomic="true"
                  aria-live="assertive"
                  class="cds--text-input__counter-alert"
                  role="alert"
                />
              </div>
            </div>
          </div>
        </div>
        <div
          class="cds--bmrg-text-input"
        >
          <div
            class="cds--form-item cds--text-input-wrapper"
          >
            <div
              class="cds--text-input__label-wrapper"
            >
              <label
                class="cds--label"
                dir="auto"
                for="category"
              >
                <div
                  class="cds--bmrg-text-input__label"
                >
                  <div>
                    Category
                  </div>
                </div>
              </label>
            </div>
            <div
              class="cds--text-input__field-outer-wrapper"
            >
              <div
                class="cds--text-input__field-wrapper"
              >
                <input
                  aria-describedby="category-helper-text"
                  class="cds--text-input"
                  id="category"
                  placeholder="e.g. communication"
                  title="e.g. communication"
                  type="text"
                  value=""
                />
                <span
                  aria-atomic="true"
                  aria-live="assertive"
                  class="cds--text-input__counter-alert"
                  role="alert"
                />
              </div>
              <div
                class="cds--form__helper-text"
                dir="auto"
                id="category-helper-text"
              >
                Categories have strict matching, type as you want to see it
              </div>
            </div>
          </div>
        </div>
        <div
          class="cds--bmrg-select"
        >
          <div
            class="cds--list-box__wrapper"
          >
            <label
              class="cds--label"
              dir="auto"
              for="select-icon"
              id="downshift-[generated-id]-label"
            >
              <div
                style="display: flex;"
              >
                <div>
                  Icon
                </div>
              </div>
            </label>
            <div
              class="cds--combo-box cds--list-box"
            >
              <div
                class="cds--list-box__field"
              >
                <input
                  aria-activedescendant=""
                  aria-autocomplete="list"
                  aria-controls="downshift-[generated-id]-menu"
                  aria-describedby="combobox-helper-text-id-[generated-id]"
                  aria-expanded="false"
                  aria-haspopup="listbox"
                  aria-labelledby="downshift-[generated-id]-label"
                  autocomplete="off"
                  class="cds--text-input cds--text-input--empty"
                  id="select-icon"
                  placeholder="Choose an icon"
                  role="combobox"
                  tabindex="0"
                  title=""
                  type="text"
                  value=""
                />
                <button
                  aria-controls="downshift-[generated-id]-menu"
                  aria-expanded="false"
                  aria-label="Open"
                  class="cds--list-box__menu-icon"
                  id="downshift-[generated-id]-toggle-button"
                  tabindex="-1"
                  title="Open"
                  type="button"
                >
                  <svg
                    aria-hidden="true"
                    fill="currentColor"
                    focusable="false"
                    height="16"
                    preserveAspectRatio="xMidYMid meet"
                    viewBox="0 0 16 16"
                    width="16"
                    xmlns="http://www.w3.org/2000/svg"
                  >
                    <path
                      d="M8 11 3 6 3.7 5.3 8 9.6 12.3 5.3 13 6z"
                    />
                  </svg>
                </button>
              </div>
              <ul
                aria-labelledby="downshift-[generated-id]-label"
                class="cds--list-box__menu"
                id="downshift-[generated-id]-menu"
                role="listbox"
              />
            </div>
            <div
              class="cds--form__helper-text"
              dir="auto"
              id="combobox-helper-text-id-[generated-id]"
            >
              Choose the icon that best fits this task
            </div>
          </div>
        </div>
        <div
          class="_description_923547"
        >
          <p
            class="_descriptionLength_923547"
          >
            16
            /200
          </p>
          <div
            class="cds--bmrg-text-area"
          >
            <div
              class="cds--form-item"
            >
              <div
                class="cds--text-area__label-wrapper"
              >
                <label
                  class="cds--label"
                  dir="auto"
                  for="description"
                >
                  <div
                    style="display: flex;"
                  >
                    <div>
                      Description (optional)
                    </div>
                  </div>
                </label>
              </div>
              <div
                class="cds--text-area__wrapper"
              >
                <textarea
                  aria-invalid="false"
                  aria-readonly="false"
                  class="cds--text-area"
                  id="description"
                  placeholder=""
                  rows="4"
                  style="width: 100%;"
                >
                  Test description
                </textarea>
                <span
                  aria-atomic="true"
                  aria-live="assertive"
                  class="cds--text-area__counter-alert"
                  role="alert"
                />
              </div>
            </div>
          </div>
        </div>
        <div
          class="cds--bmrg-text-input"
        >
          <div
            class="cds--form-item cds--text-input-wrapper"
          >
            <div
              class="cds--text-input__label-wrapper"
            >
              <label
                class="cds--label"
                dir="auto"
                for="image"
              >
                <div
                  class="cds--bmrg-text-input__label"
                >
                  <div>
                    Image (optional)
                  </div>
                </div>
              </label>
            </div>
            <div
              class="cds--text-input__field-outer-wrapper"
            >
              <div
                class="cds--text-input__field-wrapper"
              >
                <input
                  aria-describedby="image-helper-text"
                  class="cds--text-input"
                  id="image"
                  name="image"
                  type="text"
                  value=""
                />
                <span
                  aria-atomic="true"
                  aria-live="assertive"
                  class="cds--text-input__counter-alert"
                  role="alert"
                />
              </div>
              <div
                class="cds--form__helper-text"
                dir="auto"
                id="image-helper-text"
              >
                Path to container image
              </div>
            </div>
          </div>
        </div>
        <div
          class="cds--bmrg-text-area"
        >
          <div
            class="cds--form-item"
          >
            <div
              class="cds--text-area__label-wrapper"
            >
              <label
                class="cds--label"
                dir="auto"
                for="command"
              >
                <div
                  style="display: flex;"
                >
                  <div>
                    Command (optional)
                  </div>
                </div>
              </label>
            </div>
            <div
              class="cds--text-area__wrapper"
            >
              <textarea
                aria-describedby="text-area-helper-text-id-[generated-id]"
                aria-invalid="false"
                aria-readonly="false"
                class="cds--text-area"
                id="command"
                name="command"
                placeholder=""
                rows="4"
                style="width: 100%;"
              />
              <span
                aria-atomic="true"
                aria-live="assertive"
                class="cds--text-area__counter-alert"
                role="alert"
              />
            </div>
            <div
              class="cds--form__helper-text"
              dir="auto"
              id="text-area-helper-text-id-[generated-id]"
            >
              Override the entry point of the container
            </div>
          </div>
        </div>
        <div
          class="cds--bmrg-text-area"
        >
          <div
            class="cds--form-item"
          >
            <div
              class="cds--text-area__label-wrapper"
            >
              <label
                class="cds--label"
                dir="auto"
                for="arguments"
              >
                <div
                  style="display: flex;"
                >
                  <div>
                    Arguments (optional)
                  </div>
                </div>
              </label>
            </div>
            <div
              class="cds--text-area__wrapper"
            >
              <textarea
                aria-describedby="text-area-helper-text-id-[generated-id]"
                aria-invalid="false"
                aria-readonly="false"
                class="cds--text-area"
                id="arguments"
                name="arguments"
                placeholder="e.g. system sleep"
                rows="4"
                style="width: 100%;"
              >
                slack
              </textarea>
              <span
                aria-atomic="true"
                aria-live="assertive"
                class="cds--text-area__counter-alert"
                role="alert"
              />
            </div>
            <div
              class="cds--form__helper-text"
              dir="auto"
              id="text-area-helper-text-id-[generated-id]"
            >
              Enter arguments delimited by a new line
            </div>
          </div>
        </div>
        <div
          class="cds--bmrg-text-area"
        >
          <div
            class="cds--form-item"
          >
            <div
              class="cds--text-area__label-wrapper"
            >
              <label
                class="cds--label"
                dir="auto"
                for="script"
              >
                <div
                  style="display: flex;"
                >
                  <div>
                    Script (optional)
                  </div>
                </div>
              </label>
            </div>
            <div
              class="cds--text-area__wrapper"
            >
              <textarea
                aria-invalid="false"
                aria-readonly="false"
                class="cds--text-area"
                id="script"
                placeholder=""
                rows="4"
                style="width: 100%;"
              />
              <span
                aria-atomic="true"
                aria-live="assertive"
                class="cds--text-area__counter-alert"
                role="alert"
              />
            </div>
          </div>
        </div>
        <div
          class="cds--bmrg-text-input"
        >
          <div
            class="cds--form-item cds--text-input-wrapper"
          >
            <div
              class="cds--text-input__label-wrapper"
            >
              <label
                class="cds--label"
                dir="auto"
                for="workingDir"
              >
                <div
                  class="cds--bmrg-text-input__label"
                >
                  <div>
                    Working Directory (optional)
                  </div>
                </div>
              </label>
            </div>
            <div
              class="cds--text-input__field-outer-wrapper"
            >
              <div
                class="cds--text-input__field-wrapper"
              >
                <input
                  class="cds--text-input"
                  id="workingDir"
                  type="text"
                  value=""
                />
                <span
                  aria-atomic="true"
                  aria-live="assertive"
                  class="cds--text-input__counter-alert"
                  role="alert"
                />
              </div>
            </div>
          </div>
        </div>
        <div
          class="cds--bmrg-creatable"
        >
          <div
            class="cds--bmrg-creatable__input"
          >
            <div
              class="cds--bmrg-creatable__key-value-inputs"
            >
              <div
                style="margin-bottom: 0rem; margin-top: 0px;"
              >
                <div
                  class="cds--form-item cds--text-input-wrapper"
                >
                  <div
                    class="cds--text-input__label-wrapper"
                  >
                    <label
                      class="cds--label"
                      dir="auto"
                      for="envs-key"
                    >
                      Environments (optional)
                    </label>
                  </div>
                  <div
                    class="cds--text-input__field-outer-wrapper"
                  >
                    <div
                      class="cds--text-input__field-wrapper"
                    >
                      <input
                        class="cds--text-input"
                        id="envs-key"
                        type="text"
                        value=""
                      />
                      <span
                        aria-atomic="true"
                        aria-live="assertive"
                        class="cds--text-input__counter-alert"
                        role="alert"
                      />
                    </div>
                  </div>
                </div>
              </div>
              <span
                class="cds--bmrg-creatable__colon"
                style="margin-top: 2.25rem;"
              >
                :
              </span>
              <div
                style="margin-bottom: 0rem; margin-top: 1.5rem;"
              >
                <div
                  class="cds--form-item cds--text-input-wrapper"
                >
                  <div
                    class="cds--text-input__label-wrapper"
                  />
                  <div
                    class="cds--text-input__field-outer-wrapper"
                  >
                    <div
                      class="cds--text-input__field-wrapper"
                    >
                      <input
                        class="cds--text-input"
                        id="envs-value"
                        type="text"
                        value=""
                      />
                      <span
                        aria-atomic="true"
                        aria-live="assertive"
                        class="cds--text-input__counter-alert"
                        role="alert"
                      />
                    </div>
                  </div>
                </div>
              </div>
            </div>
            <button
              class="cds--bmrg-creatable__button cds--btn cds--btn--md cds--layout--size-md cds--btn--primary cds--btn--disabled"
              disabled=""
              type="button"
            >
              Add
              <svg
                aria-hidden="true"
                aria-label="Add"
                class="cds--btn__icon"
                fill="currentColor"
                focusable="false"
                height="16"
                preserveAspectRatio="xMidYMid meet"
                role="img"
                viewBox="0 0 32 32"
                width="16"
                xmlns="http://www.w3.org/2000/svg"
              >
                <path
                  d="M17 15 17 8 15 8 15 15 8 15 8 17 15 17 15 24 17 24 17 17 24 17 24 15z"
                />
              </svg>
            </button>
          </div>
          <div
            class="cds--bmrg-creatable__tags"
          >
            <div
              class="cds--tag cds--tag--filter cds--tag--teal"
              id="tag-id-[generated-id]"
            >
              <span
                class="cds--tag__label"
                dir="auto"
                title="test:TEST"
              >
                test:TEST
              </span>
              <button
                aria-label="Clear filter"
                class="cds--tag__close-icon"
                title="Clear filter"
                type="button"
              >
                <svg
                  aria-hidden="true"
                  fill="currentColor"
                  focusable="false"
                  height="16"
                  preserveAspectRatio="xMidYMid meet"
                  viewBox="0 0 32 32"
                  width="16"
                  xmlns="http://www.w3.org/2000/svg"
                >
                  <path
                    d="M17.4141 16 24 9.4141 22.5859 8 16 14.5859 9.4143 8 8 9.4141 14.5859 16 8 22.5859 9.4143 24 16 17.4141 22.5859 24 24 22.5859 17.4141 16z"
                  />
                </svg>
              </button>
            </div>
          </div>
        </div>
      </div>
      <div
        aria-busy="false"
        class="cds--modal-footer cds--btn-set"
      >
        <button
          class="cds--btn cds--btn--secondary"
          type="button"
        >
          Cancel
        </button>
        <button
          class="cds--btn cds--btn--primary cds--btn--disabled"
          disabled=""
          type="submit"
        >
          Update
        </button>
      </div>
    </form>
  </div>
</body>
`;
