// Vitest Snapshot v1, https://vitest.dev/guide/snapshot.html

exports[`ExecutionTaskLog --- Snapshot > Capturing Snapshot of ExecutionTaskLog 1`] = `
<body
  id="app"
>
  <div>
    <aside
      class="_container_ea4d0d "
    >
      <section
        class="_statusBlock_ea4d0d _succeeded_ea4d0d"
      >
        <div
          class="_duration_ea4d0d"
        >
          <p
            class="_title_ea4d0d"
          >
            Duration
          </p>
          <time
            class="_value_ea4d0d"
          >
            15min
          </time>
        </div>
        <div
          class="_status_ea4d0d"
        >
          <p
            class="_title_ea4d0d"
          >
            Status
          </p>
          <div
            class="_statusData_ea4d0d"
          >
            <svg
              aria-label="succeeded"
              class="_statusIcon_ea4d0d"
              fill="currentColor"
              focusable="false"
              height="16"
              preserveAspectRatio="xMidYMid meet"
              role="img"
              viewBox="0 0 32 32"
              width="16"
              xmlns="http://www.w3.org/2000/svg"
            >
              <path
                d="M14 21.414 9 16.413 10.413 15 14 18.586 21.585 11 23 12.415 14 21.414z"
              />
              <path
                d="M16,2A14,14,0,1,0,30,16,14,14,0,0,0,16,2Zm0,26A12,12,0,1,1,28,16,12,12,0,0,1,16,28Z"
              />
            </svg>
            <p
              class="_value_ea4d0d"
            >
              Succeeded
            </p>
          </div>
        </div>
        <button
          class="_collapseButton_ea4d0d"
        >
          <svg
            aria-hidden="true"
            class="_chevron_ea4d0d"
            fill="currentColor"
            focusable="false"
            height="32"
            preserveAspectRatio="xMidYMid meet"
            viewBox="0 0 32 32"
            width="32"
            xmlns="http://www.w3.org/2000/svg"
          >
            <path
              d="M10 16 20 6 21.4 7.4 12.8 16 21.4 24.6 20 26z"
            />
          </svg>
        </button>
      </section>
      <section
        class="_taskbar_ea4d0d"
      >
        <p
          class="_taskbarTitle_ea4d0d"
        >
          Task log
        </p>
        <span
          class="cds--popover-container cds--popover--caret cds--popover--high-contrast cds--popover--top cds--tooltip cds--icon-tooltip"
        >
          <div
            class="cds--tooltip-trigger__wrapper"
          >
            <button
              aria-labelledby="tooltip-[generated-id]"
              class="cds--btn--icon-only cds--btn cds--btn--sm cds--layout--size-sm cds--btn--ghost"
              data-testid="taskbar-button"
              type="button"
            >
              <svg
                aria-hidden="true"
                fill="currentColor"
                focusable="false"
                height="16"
                preserveAspectRatio="xMidYMid meet"
                viewBox="0 0 32 32"
                width="16"
                xmlns="http://www.w3.org/2000/svg"
              >
                <path
                  d="M27.6 20.6 24 24.2 24 4 22 4 22 24.2 18.4 20.6 17 22 23 28 29 22z"
                />
                <path
                  d="M9 4 3 10 4.4 11.4 8 7.8 8 28 10 28 10 7.8 13.6 11.4 15 10z"
                />
              </svg>
            </button>
          </div>
          <span
            aria-hidden="true"
            class="cds--popover"
            id="tooltip-[generated-id]"
            role="tooltip"
          >
            <span
              class="cds--popover-content cds--tooltip-content"
            >
              Change sort direction (by start time)
            </span>
            <span
              class="cds--popover-caret"
            />
          </span>
        </span>
      </section>
      <ul
        class="_tasklog_ea4d0d"
      >
        <li
          class="_taskitem_fe6a3c _succeeded_fe6a3c"
          id="task-Email"
        >
          <div
            class="_progressBar_fe6a3c"
          />
          <section
            class="_header_fe6a3c"
          >
            <div
              class="_title_fe6a3c"
            >
              <svg
                aria-label="succeeded"
                class="_taskIcon_fe6a3c"
                fill="currentColor"
                focusable="false"
                height="16"
                preserveAspectRatio="xMidYMid meet"
                role="img"
                viewBox="0 0 32 32"
                width="16"
                xmlns="http://www.w3.org/2000/svg"
              >
                <path
                  d="M14 21.414 9 16.413 10.413 15 14 18.586 21.585 11 23 12.415 14 21.414z"
                />
                <path
                  d="M16,2A14,14,0,1,0,30,16,14,14,0,0,0,16,2Zm0,26A12,12,0,1,1,28,16,12,12,0,0,1,16,28Z"
                />
              </svg>
              <p
                data-testid="taskitem-name"
                title="Email"
              >
                Email
              </p>
            </div>
            <div
              class="_status_fe6a3c _succeeded_fe6a3c"
            >
              <svg
                aria-label="succeeded"
                class="_statusIcon_fe6a3c"
                fill="currentColor"
                focusable="false"
                height="16"
                preserveAspectRatio="xMidYMid meet"
                role="img"
                viewBox="0 0 32 32"
                width="16"
                xmlns="http://www.w3.org/2000/svg"
              >
                <path
                  d="M14 21.414 9 16.413 10.413 15 14 18.586 21.585 11 23 12.415 14 21.414z"
                />
                <path
                  d="M16,2A14,14,0,1,0,30,16,14,14,0,0,0,16,2Zm0,26A12,12,0,1,1,28,16,12,12,0,0,1,16,28Z"
                />
              </svg>
              <p>
                Succeeded
              </p>
            </div>
          </section>
          <section
            class="_data_fe6a3c"
          >
            <div
              class="_time_fe6a3c"
            >
              <p
                class="_timeTitle_fe6a3c"
              >
                Start time
              </p>
              <time
                class="_timeValue_fe6a3c"
              >
                03:01:00 PM
              </time>
            </div>
            <div
              class="_time_fe6a3c"
            >
              <p
                class="_timeTitle_fe6a3c"
              >
                Duration
              </p>
              <time
                class="_timeValue_fe6a3c"
              >
                5 mins
              </time>
            </div>
          </section>
          <section
            class="_data_fe6a3c"
          >
            <button
              class="_modalTrigger_fe6a3c cds--btn cds--btn--sm cds--layout--size-sm cds--btn--ghost"
              type="button"
            >
              View Details
            </button>
            <button
              class="_trigger_0cae46 cds--btn cds--btn--sm cds--layout--size-sm cds--btn--ghost"
              type="button"
            >
              View Log
            </button>
          </section>
        </li>
        <li
          class="_taskitem_fe6a3c _succeeded_fe6a3c"
          id="task-Slack"
        >
          <div
            class="_progressBar_fe6a3c"
          />
          <section
            class="_header_fe6a3c"
          >
            <div
              class="_title_fe6a3c"
            >
              <svg
                aria-label="succeeded"
                class="_taskIcon_fe6a3c"
                fill="currentColor"
                focusable="false"
                height="16"
                preserveAspectRatio="xMidYMid meet"
                role="img"
                viewBox="0 0 32 32"
                width="16"
                xmlns="http://www.w3.org/2000/svg"
              >
                <path
                  d="M14 21.414 9 16.413 10.413 15 14 18.586 21.585 11 23 12.415 14 21.414z"
                />
                <path
                  d="M16,2A14,14,0,1,0,30,16,14,14,0,0,0,16,2Zm0,26A12,12,0,1,1,28,16,12,12,0,0,1,16,28Z"
                />
              </svg>
              <p
                data-testid="taskitem-name"
                title="Slack"
              >
                Slack
              </p>
            </div>
            <div
              class="_status_fe6a3c _succeeded_fe6a3c"
            >
              <svg
                aria-label="succeeded"
                class="_statusIcon_fe6a3c"
                fill="currentColor"
                focusable="false"
                height="16"
                preserveAspectRatio="xMidYMid meet"
                role="img"
                viewBox="0 0 32 32"
                width="16"
                xmlns="http://www.w3.org/2000/svg"
              >
                <path
                  d="M14 21.414 9 16.413 10.413 15 14 18.586 21.585 11 23 12.415 14 21.414z"
                />
                <path
                  d="M16,2A14,14,0,1,0,30,16,14,14,0,0,0,16,2Zm0,26A12,12,0,1,1,28,16,12,12,0,0,1,16,28Z"
                />
              </svg>
              <p>
                Succeeded
              </p>
            </div>
          </section>
          <section
            class="_data_fe6a3c"
          >
            <div
              class="_time_fe6a3c"
            >
              <p
                class="_timeTitle_fe6a3c"
              >
                Start time
              </p>
              <time
                class="_timeValue_fe6a3c"
              >
                03:00:00 PM
              </time>
            </div>
            <div
              class="_time_fe6a3c"
            >
              <p
                class="_timeTitle_fe6a3c"
              >
                Duration
              </p>
              <time
                class="_timeValue_fe6a3c"
              >
                5 mins
              </time>
            </div>
          </section>
          <section
            class="_data_fe6a3c"
          >
            <button
              class="_modalTrigger_fe6a3c cds--btn cds--btn--sm cds--layout--size-sm cds--btn--ghost"
              type="button"
            >
              View Details
            </button>
            <button
              class="_trigger_0cae46 cds--btn cds--btn--sm cds--layout--size-sm cds--btn--ghost"
              type="button"
            >
              View Log
            </button>
          </section>
        </li>
      </ul>
    </aside>
  </div>
  <div
    class="cds--bmrg-modal-portal"
  />
  <div
    class="cds--bmrg-modal-portal"
  />
  <div
    class="cds--bmrg-modal-portal"
  />
  <div
    class="cds--bmrg-modal-portal"
  />
</body>
`;
