// Vitest Snapshot v1, https://vitest.dev/guide/snapshot.html

exports[`TaskExecutionLog --- Snapshot > Capturing Snapshot of TaskExecutionLog 1`] = `
<body
  id="app"
>
  <div>
    <button
      class="_trigger_0cae46 cds--btn cds--btn--sm cds--layout--size-sm cds--btn--ghost"
      type="button"
    >
      View Log
    </button>
  </div>
  <div
    class="cds--bmrg-modal-portal"
  />
</body>
`;
