// Vitest Snapshot v1, https://vitest.dev/guide/snapshot.html

exports[`Workspaces --- Snapshot Test > Capturing Snapshot of Workspaces 1`] = `
<body
  id="app"
>
  <div>
    <header
      class="cds--bmrg-feature-header"
    >
      <section
        class="cds--bmrg-feature-header__content"
      >
        <div
          class="cds--bmrg-feature-header__header"
        >
          <h1
            class="cds--bmrg-feature-header-title"
            style="margin: 0px;"
          >
            Workspaces
          </h1>
          <p
            class="cds--bmrg-feature-header-title"
          >
            View and manage workspaces
          </p>
        </div>
      </section>
    </header>
    <div
      class="_content_a178c7 css-1aaedcz"
    >
      <div
        class="css-2o893x"
      >
        <div
          aria-label="Search workspaces"
          class="cds--search cds--search--md"
          role="search"
        >
          <div
            aria-expanded="false"
            aria-label="button"
            class="cds--search-magnifier"
            role="button"
            tabindex="-1"
          >
            <svg
              aria-hidden="true"
              class="cds--search-magnifier-icon"
              fill="currentColor"
              focusable="false"
              height="16"
              preserveAspectRatio="xMidYMid meet"
              viewBox="0 0 16 16"
              width="16"
              xmlns="http://www.w3.org/2000/svg"
            >
              <path
                d="M15,14.3L10.7,10c1.9-2.3,1.6-5.8-0.7-7.7S4.2,0.7,2.3,3S0.7,8.8,3,10.7c2,1.7,5,1.7,7,0l4.3,4.3L15,14.3z M2,6.5 C2,4,4,2,6.5,2S11,4,11,6.5S9,11,6.5,11S2,9,2,6.5z"
              />
            </svg>
          </div>
          <label
            class="cds--label"
            for="flow-workspaces"
            id="flow-workspaces-search"
          >
            Search workspaces
          </label>
          <input
            autocomplete="off"
            class="cds--search-input"
            id="flow-workspaces"
            placeholder="Search workspaces"
            role="searchbox"
            type="text"
            value=""
          />
          <button
            aria-label="Clear search input"
            class="cds--search-close cds--search-close--hidden"
            title="Clear search input"
            type="button"
          >
            <svg
              aria-hidden="true"
              fill="currentColor"
              focusable="false"
              height="16"
              preserveAspectRatio="xMidYMid meet"
              viewBox="0 0 32 32"
              width="16"
              xmlns="http://www.w3.org/2000/svg"
            >
              <path
                d="M17.4141 16L24 9.4141 22.5859 8 16 14.5859 9.4143 8 8 9.4141 14.5859 16 8 22.5859 9.4143 24 16 17.4141 22.5859 24 24 22.5859 17.4141 16z"
              />
            </svg>
          </button>
        </div>
      </div>
      <button
        class="_createWorkspaceTrigger_a178c7 cds--btn cds--btn--md cds--layout--size-md cds--btn--primary"
        type="button"
      >
        Create Workspace
      </button>
      <div
        class="cds--data-table-container"
      >
        <div
          class="cds--data-table-content"
        >
          <table
            class="cds--data-table cds--data-table--lg cds--data-table--sort"
          >
            <thead>
              <tr>
                <th
                  aria-sort="none"
                  class="cds--table-sort__header"
                  id="displayName"
                  scope="col"
                >
                  <div
                    class="cds--table-sort__description"
                    id="table-sort-4"
                  >
                    Click to sort rows by Name header in ascending order
                  </div>
                  <button
                    aria-describedby="table-sort-4"
                    class="cds--table-sort"
                    type="button"
                  >
                    <span
                      class="cds--table-sort__flex"
                    >
                      <div
                        class="cds--table-header-label"
                      >
                        Name
                      </div>
                      <svg
                        aria-hidden="true"
                        class="cds--table-sort__icon"
                        fill="currentColor"
                        focusable="false"
                        height="20"
                        preserveAspectRatio="xMidYMid meet"
                        viewBox="0 0 32 32"
                        width="20"
                        xmlns="http://www.w3.org/2000/svg"
                      >
                        <path
                          d="M16 4L6 14 7.41 15.41 15 7.83 15 28 17 28 17 7.83 24.59 15.41 26 14 16 4z"
                        />
                      </svg>
                      <svg
                        aria-hidden="true"
                        class="cds--table-sort__icon-unsorted"
                        fill="currentColor"
                        focusable="false"
                        height="20"
                        preserveAspectRatio="xMidYMid meet"
                        viewBox="0 0 32 32"
                        width="20"
                        xmlns="http://www.w3.org/2000/svg"
                      >
                        <path
                          d="M27.6 20.6L24 24.2 24 4 22 4 22 24.2 18.4 20.6 17 22 23 28 29 22zM9 4L3 10 4.4 11.4 8 7.8 8 28 10 28 10 7.8 13.6 11.4 15 10z"
                        />
                      </svg>
                    </span>
                  </button>
                </th>
                <th
                  aria-sort="none"
                  class="cds--table-sort__header"
                  id="creationDate"
                  scope="col"
                >
                  <div
                    class="cds--table-sort__description"
                    id="table-sort-5"
                  >
                    Click to sort rows by Date Created header in ascending order
                  </div>
                  <button
                    aria-describedby="table-sort-5"
                    class="cds--table-sort"
                    type="button"
                  >
                    <span
                      class="cds--table-sort__flex"
                    >
                      <div
                        class="cds--table-header-label"
                      >
                        Date Created
                      </div>
                      <svg
                        aria-hidden="true"
                        class="cds--table-sort__icon"
                        fill="currentColor"
                        focusable="false"
                        height="20"
                        preserveAspectRatio="xMidYMid meet"
                        viewBox="0 0 32 32"
                        width="20"
                        xmlns="http://www.w3.org/2000/svg"
                      >
                        <path
                          d="M16 4L6 14 7.41 15.41 15 7.83 15 28 17 28 17 7.83 24.59 15.41 26 14 16 4z"
                        />
                      </svg>
                      <svg
                        aria-hidden="true"
                        class="cds--table-sort__icon-unsorted"
                        fill="currentColor"
                        focusable="false"
                        height="20"
                        preserveAspectRatio="xMidYMid meet"
                        viewBox="0 0 32 32"
                        width="20"
                        xmlns="http://www.w3.org/2000/svg"
                      >
                        <path
                          d="M27.6 20.6L24 24.2 24 4 22 4 22 24.2 18.4 20.6 17 22 23 28 29 22zM9 4L3 10 4.4 11.4 8 7.8 8 28 10 28 10 7.8 13.6 11.4 15 10z"
                        />
                      </svg>
                    </span>
                  </button>
                </th>
                <th
                  id="members"
                  scope="col"
                >
                  <div
                    class="cds--table-header-label"
                  >
                    # of Users
                  </div>
                </th>
                <th
                  id="quotas"
                  scope="col"
                >
                  <div
                    class="cds--table-header-label"
                  >
                    # of Workflows
                  </div>
                </th>
                <th
                  id="status"
                  scope="col"
                >
                  <div
                    class="cds--table-header-label"
                  >
                    Status
                  </div>
                </th>
              </tr>
            </thead>
            <tbody
              aria-live="polite"
            >
              <tr
                class="_tableRow_a178c7"
                data-testid="workspace-list-table-row"
                tabindex="-1"
              >
                <td>
                  Tyson Workspace
                </td>
                <td>
                  <time>
                    2023-09-18 07:51 PM
                  </time>
                </td>
                <td>
                  1
                </td>
                <td>
                  6
                </td>
                <td
                  id="tyson-workspace:status"
                >
                  <svg
                    aria-label="Active"
                    fill="green"
                    focusable="false"
                    height="16"
                    preserveAspectRatio="xMidYMid meet"
                    role="img"
                    viewBox="0 0 16 16"
                    width="16"
                    xmlns="http://www.w3.org/2000/svg"
                  >
                    <path
                      d="M8,1C4.1,1,1,4.1,1,8c0,3.9,3.1,7,7,7s7-3.1,7-7C15,4.1,11.9,1,8,1z M7,11L4.3,8.3l0.9-0.8L7,9.3l4-3.9l0.9,0.8L7,11z"
                    />
                    <path
                      d="M7,11L4.3,8.3l0.9-0.8L7,9.3l4-3.9l0.9,0.8L7,11z"
                      data-icon-path="inner-path"
                      opacity="0"
                    />
                  </svg>
                </td>
              </tr>
              <tr
                class="_tableRow_a178c7"
                data-testid="workspace-list-table-row"
                tabindex="-1"
              >
                <td>
                  Tyson Personal Workspace
                </td>
                <td>
                  <time>
                    2023-09-18 07:57 PM
                  </time>
                </td>
                <td>
                  1
                </td>
                <td>
                  1
                </td>
                <td
                  id="tyson-personal-workspace:status"
                >
                  <svg
                    aria-label="Active"
                    fill="green"
                    focusable="false"
                    height="16"
                    preserveAspectRatio="xMidYMid meet"
                    role="img"
                    viewBox="0 0 16 16"
                    width="16"
                    xmlns="http://www.w3.org/2000/svg"
                  >
                    <path
                      d="M8,1C4.1,1,1,4.1,1,8c0,3.9,3.1,7,7,7s7-3.1,7-7C15,4.1,11.9,1,8,1z M7,11L4.3,8.3l0.9-0.8L7,9.3l4-3.9l0.9,0.8L7,11z"
                    />
                    <path
                      d="M7,11L4.3,8.3l0.9-0.8L7,9.3l4-3.9l0.9,0.8L7,11z"
                      data-icon-path="inner-path"
                      opacity="0"
                    />
                  </svg>
                </td>
              </tr>
              <tr
                class="_tableRow_a178c7"
                data-testid="workspace-list-table-row"
                tabindex="-1"
              >
                <td>
                  System and Administration
                </td>
                <td>
                  <time>
                    2023-09-18 07:57 PM
                  </time>
                </td>
                <td>
                  3
                </td>
                <td>
                  1
                </td>
                <td
                  id="system:status"
                >
                  <svg
                    aria-label="Active"
                    fill="green"
                    focusable="false"
                    height="16"
                    preserveAspectRatio="xMidYMid meet"
                    role="img"
                    viewBox="0 0 16 16"
                    width="16"
                    xmlns="http://www.w3.org/2000/svg"
                  >
                    <path
                      d="M8,1C4.1,1,1,4.1,1,8c0,3.9,3.1,7,7,7s7-3.1,7-7C15,4.1,11.9,1,8,1z M7,11L4.3,8.3l0.9-0.8L7,9.3l4-3.9l0.9,0.8L7,11z"
                    />
                    <path
                      d="M7,11L4.3,8.3l0.9-0.8L7,9.3l4-3.9l0.9,0.8L7,11z"
                      data-icon-path="inner-path"
                      opacity="0"
                    />
                  </svg>
                </td>
              </tr>
              <tr
                class="_tableRow_a178c7"
                data-testid="workspace-list-table-row"
                tabindex="-1"
              >
                <td>
                  marcus-d-roy-gmail-com Personal Workspace
                </td>
                <td>
                  <time>
                    2023-09-18 07:57 PM
                  </time>
                </td>
                <td>
                  1
                </td>
                <td>
                  18
                </td>
                <td
                  id="marcus-d-roy-gmail-com-personal-workspace:status"
                >
                  <svg
                    aria-label="Active"
                    fill="green"
                    focusable="false"
                    height="16"
                    preserveAspectRatio="xMidYMid meet"
                    role="img"
                    viewBox="0 0 16 16"
                    width="16"
                    xmlns="http://www.w3.org/2000/svg"
                  >
                    <path
                      d="M8,1C4.1,1,1,4.1,1,8c0,3.9,3.1,7,7,7s7-3.1,7-7C15,4.1,11.9,1,8,1z M7,11L4.3,8.3l0.9-0.8L7,9.3l4-3.9l0.9,0.8L7,11z"
                    />
                    <path
                      d="M7,11L4.3,8.3l0.9-0.8L7,9.3l4-3.9l0.9,0.8L7,11z"
                      data-icon-path="inner-path"
                      opacity="0"
                    />
                  </svg>
                </td>
              </tr>
              <tr
                class="_tableRow_a178c7"
                data-testid="workspace-list-table-row"
                tabindex="-1"
              >
                <td>
                  Boomerang Joe Personal Workspace
                </td>
                <td>
                  <time>
                    2023-09-18 07:56 PM
                  </time>
                </td>
                <td>
                  1
                </td>
                <td>
                  2
                </td>
                <td
                  id="boomerang-joe-personal-workspace:status"
                >
                  <svg
                    aria-label="Active"
                    fill="green"
                    focusable="false"
                    height="16"
                    preserveAspectRatio="xMidYMid meet"
                    role="img"
                    viewBox="0 0 16 16"
                    width="16"
                    xmlns="http://www.w3.org/2000/svg"
                  >
                    <path
                      d="M8,1C4.1,1,1,4.1,1,8c0,3.9,3.1,7,7,7s7-3.1,7-7C15,4.1,11.9,1,8,1z M7,11L4.3,8.3l0.9-0.8L7,9.3l4-3.9l0.9,0.8L7,11z"
                    />
                    <path
                      d="M7,11L4.3,8.3l0.9-0.8L7,9.3l4-3.9l0.9,0.8L7,11z"
                      data-icon-path="inner-path"
                      opacity="0"
                    />
                  </svg>
                </td>
              </tr>
              <tr
                class="_tableRow_a178c7"
                data-testid="workspace-list-table-row"
                tabindex="-1"
              >
                <td>
                  Bob Personal Workspace
                </td>
                <td>
                  <time>
                    2023-09-18 07:57 PM
                  </time>
                </td>
                <td>
                  1
                </td>
                <td>
                  18
                </td>
                <td
                  id="bob-personal-workspace:status"
                >
                  <svg
                    aria-label="Active"
                    fill="green"
                    focusable="false"
                    height="16"
                    preserveAspectRatio="xMidYMid meet"
                    role="img"
                    viewBox="0 0 16 16"
                    width="16"
                    xmlns="http://www.w3.org/2000/svg"
                  >
                    <path
                      d="M8,1C4.1,1,1,4.1,1,8c0,3.9,3.1,7,7,7s7-3.1,7-7C15,4.1,11.9,1,8,1z M7,11L4.3,8.3l0.9-0.8L7,9.3l4-3.9l0.9,0.8L7,11z"
                    />
                    <path
                      d="M7,11L4.3,8.3l0.9-0.8L7,9.3l4-3.9l0.9,0.8L7,11z"
                      data-icon-path="inner-path"
                      opacity="0"
                    />
                  </svg>
                </td>
              </tr>
              <tr
                class="_tableRow_a178c7"
                data-testid="workspace-list-table-row"
                tabindex="-1"
              >
                <td>
                  admin-flowabl-io Personal Workspace
                </td>
                <td>
                  <time>
                    2023-09-18 07:54 PM
                  </time>
                </td>
                <td>
                  1
                </td>
                <td>
                  5
                </td>
                <td
                  id="admin-flowabl-io-personal-workspace:status"
                >
                  <svg
                    aria-label="Active"
                    fill="green"
                    focusable="false"
                    height="16"
                    preserveAspectRatio="xMidYMid meet"
                    role="img"
                    viewBox="0 0 16 16"
                    width="16"
                    xmlns="http://www.w3.org/2000/svg"
                  >
                    <path
                      d="M8,1C4.1,1,1,4.1,1,8c0,3.9,3.1,7,7,7s7-3.1,7-7C15,4.1,11.9,1,8,1z M7,11L4.3,8.3l0.9-0.8L7,9.3l4-3.9l0.9,0.8L7,11z"
                    />
                    <path
                      d="M7,11L4.3,8.3l0.9-0.8L7,9.3l4-3.9l0.9,0.8L7,11z"
                      data-icon-path="inner-path"
                      opacity="0"
                    />
                  </svg>
                </td>
              </tr>
            </tbody>
          </table>
        </div>
      </div>
      <div
        class="cds--pagination cds--pagination--md"
      >
        <div
          class="cds--pagination__left"
        >
          <label
            class="cds--pagination__text"
            for="cds-pagination-select-id-9"
            id="cds-pagination-select-id-9-count-label"
          >
            Items per page:
          </label>
          <div
            class="cds--form-item cds--select__item-count"
          >
            <div
              class="cds--select cds--select--inline"
            >
              <div
                class="cds--select-input--inline__wrapper"
              >
                <div
                  class="cds--select-input__wrapper"
                >
                  <select
                    class="cds--select-input"
                    id="cds-pagination-select-id-9"
                    title=""
                  >
                    <option
                      class="cds--select-option"
                      value="10"
                    >
                      10
                    </option>
                    <option
                      class="cds--select-option"
                      value="20"
                    >
                      20
                    </option>
                    <option
                      class="cds--select-option"
                      value="50"
                    >
                      50
                    </option>
                    <option
                      class="cds--select-option"
                      value="100"
                    >
                      100
                    </option>
                  </select>
                  <svg
                    aria-hidden="true"
                    class="cds--select__arrow"
                    fill="currentColor"
                    focusable="false"
                    height="16"
                    preserveAspectRatio="xMidYMid meet"
                    viewBox="0 0 16 16"
                    width="16"
                    xmlns="http://www.w3.org/2000/svg"
                  >
                    <path
                      d="M8 11L3 6 3.7 5.3 8 9.6 12.3 5.3 13 6z"
                    />
                  </svg>
                </div>
              </div>
            </div>
          </div>
          <span
            class="cds--pagination__text cds--pagination__items-count"
          >
            1–7 of 7 items
          </span>
        </div>
        <div
          class="cds--pagination__right"
        >
          <div
            class="cds--form-item cds--select__page-number"
          >
            <div
              class="cds--select cds--select--inline"
            >
              <label
                class="cds--label cds--visually-hidden"
                dir="auto"
                for="cds-pagination-select-id-9-right"
              >
                Page number, of 1 pages
              </label>
              <div
                class="cds--select-input--inline__wrapper"
              >
                <div
                  class="cds--select-input__wrapper"
                >
                  <select
                    class="cds--select-input"
                    id="cds-pagination-select-id-9-right"
                    title=""
                  >
                    <option
                      class="cds--select-option"
                      value="1"
                    >
                      1
                    </option>
                  </select>
                  <svg
                    aria-hidden="true"
                    class="cds--select__arrow"
                    fill="currentColor"
                    focusable="false"
                    height="16"
                    preserveAspectRatio="xMidYMid meet"
                    viewBox="0 0 16 16"
                    width="16"
                    xmlns="http://www.w3.org/2000/svg"
                  >
                    <path
                      d="M8 11L3 6 3.7 5.3 8 9.6 12.3 5.3 13 6z"
                    />
                  </svg>
                </div>
              </div>
            </div>
          </div>
          <span
            class="cds--pagination__text"
          >
            of 1 page
          </span>
          <div
            class="cds--pagination__control-buttons"
          >
            <span
              class="cds--popover-container cds--popover--caret cds--popover--high-contrast cds--popover--top cds--tooltip cds--icon-tooltip cds--icon-tooltip--disabled"
            >
              <div
                class="cds--tooltip-trigger__wrapper"
              >
                <button
                  aria-labelledby="tooltip-10"
                  class="cds--btn--icon-only cds--pagination__button cds--pagination__button--backward cds--pagination__button--no-index cds--btn cds--btn--ghost cds--btn--disabled"
                  disabled=""
                  type="button"
                >
                  <svg
                    aria-hidden="true"
                    fill="currentColor"
                    focusable="false"
                    height="16"
                    preserveAspectRatio="xMidYMid meet"
                    viewBox="0 0 32 32"
                    width="16"
                    xmlns="http://www.w3.org/2000/svg"
                  >
                    <path
                      d="M20 24L10 16 20 8z"
                    />
                  </svg>
                </button>
              </div>
              <span
                aria-hidden="true"
                class="cds--popover"
                id="tooltip-10"
                role="tooltip"
              >
                <span
                  class="cds--popover-content cds--tooltip-content"
                >
                  Previous page
                </span>
                <span
                  class="cds--popover-caret"
                />
              </span>
            </span>
            <span
              class="cds--popover-container cds--popover--caret cds--popover--high-contrast cds--popover--top-end cds--tooltip cds--icon-tooltip cds--icon-tooltip--disabled"
            >
              <div
                class="cds--tooltip-trigger__wrapper"
              >
                <button
                  aria-labelledby="tooltip-12"
                  class="cds--btn--icon-only cds--pagination__button cds--pagination__button--forward cds--pagination__button--no-index cds--btn cds--btn--ghost cds--btn--disabled"
                  disabled=""
                  type="button"
                >
                  <svg
                    aria-hidden="true"
                    fill="currentColor"
                    focusable="false"
                    height="16"
                    preserveAspectRatio="xMidYMid meet"
                    viewBox="0 0 32 32"
                    width="16"
                    xmlns="http://www.w3.org/2000/svg"
                  >
                    <path
                      d="M12 8L22 16 12 24z"
                    />
                  </svg>
                </button>
              </div>
              <span
                aria-hidden="true"
                class="cds--popover"
                id="tooltip-12"
                role="tooltip"
              >
                <span
                  class="cds--popover-content cds--tooltip-content"
                >
                  Next page
                </span>
                <span
                  class="cds--popover-caret"
                />
              </span>
            </span>
          </div>
        </div>
      </div>
    </div>
  </div>
  <div
    class="cds--bmrg-modal-portal"
  />
</body>
`;
