// Vitest Snapshot v1, https://vitest.dev/guide/snapshot.html

exports[`RunHeader --- Snapshot > Capturing Snapshot of RunHeader 1`] = `
<body
  id="app"
>
  <div>
    <header
      class="cds--bmrg-feature-header _container_268f38 --bordered"
    >
      <section
        class="cds--bmrg-feature-header__content"
      >
        <div
          class="cds--bmrg-feature-header__nav"
        >
          <nav
            aria-label="Breadcrumb"
          >
            <ol
              class="cds--breadcrumb cds--breadcrumb--no-trailing-slash"
            >
              <li
                class="cds--breadcrumb-item"
              >
                <a
                  class="cds--link"
                  data-discover="true"
                  href="/home"
                >
                  Home
                </a>
              </li>
              <li
                class="cds--breadcrumb-item"
              >
                <a
                  class="cds--link"
                  data-discover="true"
                  href="/tyson-workspace/activity"
                >
                  Activity
                </a>
              </li>
              <li
                class="cds--breadcrumb-item cds--breadcrumb-item--current"
              >
                <p
                  class="cds--link"
                >
                  Activity detail
                </p>
              </li>
            </ol>
          </nav>
        </div>
        <div
          class="cds--bmrg-feature-header__header"
        >
          <div
            class="_titleRow_268f38"
          >
            <h1
              class="cds--bmrg-feature-header-title"
              title="Test Workflow"
            >
              Test Workflow
            </h1>
          </div>
        </div>
      </section>
      <div
        class="_content_268f38"
      >
        <dl
          class="_data_268f38"
        >
          <dt
            class="_dataTitle_268f38"
          >
            Status
          </dt>
          <dd
            class="_dataValue_268f38"
          >
            <div
              class="cds--tag _statusTag_268f38 cds--tag--teal"
              data-testid="run-status"
              id="tag-id-[generated-id]"
            >
              <div
                class="cds--tag__custom-icon"
              >
                <svg
                  aria-hidden="true"
                  fill="currentColor"
                  focusable="false"
                  height="16"
                  preserveAspectRatio="xMidYMid meet"
                  viewBox="0 0 32 32"
                  width="16"
                  xmlns="http://www.w3.org/2000/svg"
                >
                  <path
                    d="M14 21.414 9 16.413 10.413 15 14 18.586 21.585 11 23 12.415 14 21.414z"
                  />
                  <path
                    d="M16,2A14,14,0,1,0,30,16,14,14,0,0,0,16,2Zm0,26A12,12,0,1,1,28,16,12,12,0,0,1,16,28Z"
                  />
                </svg>
              </div>
              <span
                class="cds--tag__label"
                dir="auto"
                title=""
              >
                <strong>
                  Succeeded
                </strong>
                 in 5min
              </span>
            </div>
          </dd>
        </dl>
        <dl
          class="_data_268f38"
        >
          <dt
            class="_dataTitle_268f38"
          >
            Workspace
          </dt>
          <dd
            class="_dataValue_268f38"
          >
            Tyson Workspace
          </dd>
        </dl>
        <dl
          class="_data_268f38"
        >
          <dt
            class="_dataTitle_268f38"
          >
            Version
          </dt>
          <dd
            class="_dataValue_268f38"
          >
            1
          </dd>
        </dl>
        <dl
          class="_data_268f38"
        >
          <dt
            class="_dataTitle_268f38"
          >
            Initiated by
          </dt>
          <dd
            class="_dataValue_268f38"
          >
            Tim Bula
          </dd>
        </dl>
        <dl
          class="_data_268f38"
        >
          <dt
            class="_dataTitle_268f38"
          >
            Trigger
          </dt>
          <dd
            class="_dataValue_268f38"
          >
            manual
          </dd>
        </dl>
        <dl
          class="_data_268f38"
        >
          <dt
            class="_dataTitle_268f38"
          >
            Start time
          </dt>
          <dd
            class="_dataValue_268f38"
          >
            2019-09-03 03:00 PM
          </dd>
        </dl>
        <div
          class="_controls_268f38"
        >
          <span
            class="cds--overflow-menu__wrapper"
          >
            <span
              class="cds--popover-container cds--popover--caret cds--popover--high-contrast cds--popover--top cds--tooltip cds--icon-tooltip"
            >
              <div
                class="cds--tooltip-trigger__wrapper"
              >
                <button
                  aria-expanded="false"
                  aria-haspopup="true"
                  aria-labelledby="tooltip-[generated-id]"
                  class="cds--btn--icon-only cds--overflow-menu cds--overflow-menu--md cds--btn cds--btn--md cds--layout--size-md cds--btn--ghost"
                  type="button"
                >
                  <svg
                    aria-label="More run actions"
                    class="cds--overflow-menu__icon"
                    fill="currentColor"
                    focusable="false"
                    height="16"
                    preserveAspectRatio="xMidYMid meet"
                    role="img"
                    viewBox="0 0 32 32"
                    width="16"
                    xmlns="http://www.w3.org/2000/svg"
                  >
                    <circle
                      cx="16"
                      cy="8"
                      r="2"
                    />
                    <circle
                      cx="16"
                      cy="16"
                      r="2"
                    />
                    <circle
                      cx="16"
                      cy="24"
                      r="2"
                    />
                  </svg>
                </button>
              </div>
              <span
                aria-hidden="true"
                class="cds--popover"
                id="tooltip-[generated-id]"
                role="tooltip"
              >
                <span
                  class="cds--popover-content cds--tooltip-content"
                >
                  More run actions
                </span>
                <span
                  class="cds--popover-caret"
                />
              </span>
            </span>
          </span>
        </div>
      </div>
    </header>
  </div>
  <div
    class="cds--bmrg-modal-portal"
  />
  <div
    class="cds--bmrg-modal-portal"
  />
</body>
`;
