// Vitest Snapshot v1, https://vitest.dev/guide/snapshot.html

exports[`WorkflowsHeader --- Snapshot > Capturing Snapshot of WorkflowsHeader 1`] = `
<body
  id="app"
>
  <div>
    <header
      class="cds--bmrg-feature-header _container_4d119f"
    >
      <section
        class="cds--bmrg-feature-header__content"
      >
        <div
          class="cds--bmrg-feature-header__nav"
        >
          <nav
            aria-label="Breadcrumb"
          >
            <ol
              class="cds--breadcrumb cds--breadcrumb--no-trailing-slash"
            >
              <li
                class="cds--breadcrumb-item"
              >
                <a
                  class="cds--link"
                  href="/home"
                >
                  Home
                </a>
              </li>
              <li
                class="cds--breadcrumb-item cds--breadcrumb-item--current"
              >
                <p
                  class="cds--link"
                >
                  Tyson Workspace
                </p>
              </li>
            </ol>
          </nav>
        </div>
        <div
          class="cds--bmrg-feature-header__header"
        >
          <h1
            class="cds--bmrg-feature-header-title"
          >
            Workflows (3)
          </h1>
          <p
            class="cds--bmrg-feature-header-title _headerMessage_4d119f"
          >
            Your playground to create, execute, and collaborate on workflows.
          </p>
        </div>
      </section>
      <div
        class="_filterContainer_4d119f"
      >
        <div
          class="cds--layer-two _search_4d119f"
        >
          <div
            aria-label="Search for a workflow"
            class="cds--search cds--search--md"
            role="search"
          >
            <div
              class="cds--search-magnifier"
              tabindex="-1"
            >
              <svg
                aria-hidden="true"
                class="cds--search-magnifier-icon"
                fill="currentColor"
                focusable="false"
                height="16"
                preserveAspectRatio="xMidYMid meet"
                viewBox="0 0 16 16"
                width="16"
                xmlns="http://www.w3.org/2000/svg"
              >
                <path
                  d="M15,14.3L10.7,10c1.9-2.3,1.6-5.8-0.7-7.7S4.2,0.7,2.3,3S0.7,8.8,3,10.7c2,1.7,5,1.7,7,0l4.3,4.3L15,14.3z M2,6.5 C2,4,4,2,6.5,2S11,4,11,6.5S9,11,6.5,11S2,9,2,6.5z"
                />
              </svg>
            </div>
            <label
              class="cds--label"
              for="search-workspace-workflows"
              id="search-workspace-workflows-search"
            >
              Search for a workflow
            </label>
            <input
              autocomplete="off"
              class="cds--search-input"
              data-testid="workflows-workspace-search"
              id="search-workspace-workflows"
              placeholder="Search for a workflow"
              role="searchbox"
              type="text"
              value=""
            />
            <button
              aria-label="Clear search input"
              class="cds--search-close cds--search-close--hidden"
              title="Clear search input"
              type="button"
            >
              <svg
                aria-hidden="true"
                fill="currentColor"
                focusable="false"
                height="16"
                preserveAspectRatio="xMidYMid meet"
                viewBox="0 0 32 32"
                width="16"
                xmlns="http://www.w3.org/2000/svg"
              >
                <path
                  d="M17.4141 16 24 9.4141 22.5859 8 16 14.5859 9.4143 8 8 9.4141 14.5859 16 8 22.5859 9.4143 24 16 17.4141 22.5859 24 24 22.5859 17.4141 16z"
                />
              </svg>
            </button>
          </div>
        </div>
      </div>
    </header>
  </div>
</body>
`;
